// Jest Snapshot v1, https://goo.gl/fbAQLP

exports[`PurchaseNFTAsset constructor should have valid schema 1`] = `
Object {
  "$id": "lisk/nft/purchase",
  "properties": Object {
    "name": Object {
      "dataType": "string",
      "fieldNumber": 3,
    },
    "nftId": Object {
      "dataType": "bytes",
      "fieldNumber": 1,
    },
    "purchaseValue": Object {
      "dataType": "uint64",
      "fieldNumber": 2,
    },
  },
  "required": Array [
    "nftId",
    "purchaseValue",
    "name",
  ],
  "type": "object",
}
`;
